Archive member included because of file (symbol)

f:/courses/embded systems/imt_sdk_win_64/imt_sdk_win_64/winavr/bin/../lib/gcc/avr/4.3.3/avr5\libgcc.a(_mulsi3.o)
                              ./FreeRtos/Src/integer.o (__mulsi3)
f:/courses/embded systems/imt_sdk_win_64/imt_sdk_win_64/winavr/bin/../lib/gcc/avr/4.3.3/avr5\libgcc.a(_divmodsi4.o)
                              ./FreeRtos/Src/integer.o (__divmodsi4)
f:/courses/embded systems/imt_sdk_win_64/imt_sdk_win_64/winavr/bin/../lib/gcc/avr/4.3.3/avr5\libgcc.a(_exit.o)
                              f:/courses/embded systems/imt_sdk_win_64/imt_sdk_win_64/winavr/bin/../lib/gcc/avr/4.3.3/../../../../avr/lib/avr5/crtm32.o (exit)
f:/courses/embded systems/imt_sdk_win_64/imt_sdk_win_64/winavr/bin/../lib/gcc/avr/4.3.3/avr5\libgcc.a(_copy_data.o)
                              ./FreeRtos/Src/PollQ.o (__do_copy_data)
f:/courses/embded systems/imt_sdk_win_64/imt_sdk_win_64/winavr/bin/../lib/gcc/avr/4.3.3/avr5\libgcc.a(_clear_bss.o)
                              ./FreeRtos/Src/PollQ.o (__do_clear_bss)
f:/courses/embded systems/imt_sdk_win_64/imt_sdk_win_64/winavr/bin/../lib/gcc/avr/4.3.3/avr5\libgcc.a(_udivmodsi4.o)
                              f:/courses/embded systems/imt_sdk_win_64/imt_sdk_win_64/winavr/bin/../lib/gcc/avr/4.3.3/avr5\libgcc.a(_divmodsi4.o) (__udivmodsi4)
f:/courses/embded systems/imt_sdk_win_64/imt_sdk_win_64/winavr/bin/../lib/gcc/avr/4.3.3/../../../../avr/lib/avr5\libc.a(memcpy.o)
                              ./FreeRtos/Src/queue.o (memcpy)

Memory Configuration

Name             Origin             Length             Attributes
text             0x00000000         0x00020000         xr
data             0x00800060         0x0000ffa0         rw !x
eeprom           0x00810000         0x00010000         rw !x
fuse             0x00820000         0x00000400         rw !x
lock             0x00830000         0x00000400         rw !x
signature        0x00840000         0x00000400         rw !x
*default*        0x00000000         0xffffffff

Linker script and memory map

LOAD f:/courses/embded systems/imt_sdk_win_64/imt_sdk_win_64/winavr/bin/../lib/gcc/avr/4.3.3/../../../../avr/lib/avr5/crtm32.o
LOAD ./FreeRtos/Src/PollQ.o
LOAD ./FreeRtos/Src/croutine.o
LOAD ./FreeRtos/Src/event_groups.o
LOAD ./FreeRtos/Src/heap_1.o
LOAD ./FreeRtos/Src/integer.o
LOAD ./FreeRtos/Src/list.o
LOAD ./FreeRtos/Src/port.o
LOAD ./FreeRtos/Src/queue.o
LOAD ./FreeRtos/Src/tasks.o
LOAD ./DIO/DIO_prog.o
LOAD ./main.o
LOAD f:/courses/embded systems/imt_sdk_win_64/imt_sdk_win_64/winavr/bin/../lib/gcc/avr/4.3.3/avr5\libgcc.a
LOAD f:/courses/embded systems/imt_sdk_win_64/imt_sdk_win_64/winavr/bin/../lib/gcc/avr/4.3.3/../../../../avr/lib/avr5\libc.a
LOAD f:/courses/embded systems/imt_sdk_win_64/imt_sdk_win_64/winavr/bin/../lib/gcc/avr/4.3.3/avr5\libgcc.a

.hash
 *(.hash)

.dynsym
 *(.dynsym)

.dynstr
 *(.dynstr)

.gnu.version
 *(.gnu.version)

.gnu.version_d
 *(.gnu.version_d)

.gnu.version_r
 *(.gnu.version_r)

.rel.init
 *(.rel.init)

.rela.init
 *(.rela.init)

.rel.text
 *(.rel.text)
 *(.rel.text.*)
 *(.rel.gnu.linkonce.t*)

.rela.text
 *(.rela.text)
 *(.rela.text.*)
 *(.rela.gnu.linkonce.t*)

.rel.fini
 *(.rel.fini)

.rela.fini
 *(.rela.fini)

.rel.rodata
 *(.rel.rodata)
 *(.rel.rodata.*)
 *(.rel.gnu.linkonce.r*)

.rela.rodata
 *(.rela.rodata)
 *(.rela.rodata.*)
 *(.rela.gnu.linkonce.r*)

.rel.data
 *(.rel.data)
 *(.rel.data.*)
 *(.rel.gnu.linkonce.d*)

.rela.data
 *(.rela.data)
 *(.rela.data.*)
 *(.rela.gnu.linkonce.d*)

.rel.ctors
 *(.rel.ctors)

.rela.ctors
 *(.rela.ctors)

.rel.dtors
 *(.rel.dtors)

.rela.dtors
 *(.rela.dtors)

.rel.got
 *(.rel.got)

.rela.got
 *(.rela.got)

.rel.bss
 *(.rel.bss)

.rela.bss
 *(.rela.bss)

.rel.plt
 *(.rel.plt)

.rela.plt
 *(.rela.plt)

.text           0x00000000     0x4984
 *(.vectors)
 .vectors       0x00000000       0x54 f:/courses/embded systems/imt_sdk_win_64/imt_sdk_win_64/winavr/bin/../lib/gcc/avr/4.3.3/../../../../avr/lib/avr5/crtm32.o
                0x00000000                __vectors
                0x00000000                __vector_default
 *(.vectors)
 *(.progmem.gcc*)
 *(.progmem*)
                0x00000054                . = ALIGN (0x2)
                0x00000054                __trampolines_start = .
 *(.trampolines)
 .trampolines   0x00000054        0x0 linker stubs
 *(.trampolines*)
                0x00000054                __trampolines_end = .
 *(.jumptables)
 *(.jumptables*)
 *(.lowtext)
 *(.lowtext*)
                0x00000054                __ctors_start = .
 *(.ctors)
                0x00000054                __ctors_end = .
                0x00000054                __dtors_start = .
 *(.dtors)
                0x00000054                __dtors_end = .
 SORT(*)(.ctors)
 SORT(*)(.dtors)
 *(.init0)
 .init0         0x00000054        0x0 f:/courses/embded systems/imt_sdk_win_64/imt_sdk_win_64/winavr/bin/../lib/gcc/avr/4.3.3/../../../../avr/lib/avr5/crtm32.o
                0x00000054                __init
 *(.init0)
 *(.init1)
 *(.init1)
 *(.init2)
 .init2         0x00000054        0xc f:/courses/embded systems/imt_sdk_win_64/imt_sdk_win_64/winavr/bin/../lib/gcc/avr/4.3.3/../../../../avr/lib/avr5/crtm32.o
 *(.init2)
 *(.init3)
 *(.init3)
 *(.init4)
 .init4         0x00000060       0x16 f:/courses/embded systems/imt_sdk_win_64/imt_sdk_win_64/winavr/bin/../lib/gcc/avr/4.3.3/avr5\libgcc.a(_copy_data.o)
                0x00000060                __do_copy_data
 .init4         0x00000076       0x10 f:/courses/embded systems/imt_sdk_win_64/imt_sdk_win_64/winavr/bin/../lib/gcc/avr/4.3.3/avr5\libgcc.a(_clear_bss.o)
                0x00000076                __do_clear_bss
 *(.init4)
 *(.init5)
 *(.init5)
 *(.init6)
 *(.init6)
 *(.init7)
 *(.init7)
 *(.init8)
 *(.init8)
 *(.init9)
 .init9         0x00000086        0x8 f:/courses/embded systems/imt_sdk_win_64/imt_sdk_win_64/winavr/bin/../lib/gcc/avr/4.3.3/../../../../avr/lib/avr5/crtm32.o
 *(.init9)
 *(.text)
 .text          0x0000008e        0x4 f:/courses/embded systems/imt_sdk_win_64/imt_sdk_win_64/winavr/bin/../lib/gcc/avr/4.3.3/../../../../avr/lib/avr5/crtm32.o
                0x0000008e                __vector_1
                0x0000008e                __vector_12
                0x0000008e                __bad_interrupt
                0x0000008e                __vector_6
                0x0000008e                __vector_3
                0x0000008e                __vector_11
                0x0000008e                __vector_13
                0x0000008e                __vector_17
                0x0000008e                __vector_19
                0x0000008e                __vector_5
                0x0000008e                __vector_4
                0x0000008e                __vector_9
                0x0000008e                __vector_2
                0x0000008e                __vector_15
                0x0000008e                __vector_8
                0x0000008e                __vector_14
                0x0000008e                __vector_10
                0x0000008e                __vector_16
                0x0000008e                __vector_18
                0x0000008e                __vector_20
 .text          0x00000092        0x0 ./FreeRtos/Src/PollQ.o
 .text          0x00000092        0x0 ./FreeRtos/Src/croutine.o
 .text          0x00000092        0x0 ./FreeRtos/Src/event_groups.o
 .text          0x00000092        0x0 ./FreeRtos/Src/heap_1.o
 .text          0x00000092        0x0 ./FreeRtos/Src/integer.o
 .text          0x00000092        0x0 ./FreeRtos/Src/list.o
 .text          0x00000092        0x0 ./FreeRtos/Src/port.o
 .text          0x00000092        0x0 ./FreeRtos/Src/queue.o
 .text          0x00000092        0x0 ./FreeRtos/Src/tasks.o
 .text          0x00000092        0x0 ./DIO/DIO_prog.o
 .text          0x00000092        0x0 ./main.o
 .text          0x00000092        0x0 f:/courses/embded systems/imt_sdk_win_64/imt_sdk_win_64/winavr/bin/../lib/gcc/avr/4.3.3/avr5\libgcc.a(_mulsi3.o)
 .text          0x00000092        0x0 f:/courses/embded systems/imt_sdk_win_64/imt_sdk_win_64/winavr/bin/../lib/gcc/avr/4.3.3/avr5\libgcc.a(_divmodsi4.o)
 .text          0x00000092        0x0 f:/courses/embded systems/imt_sdk_win_64/imt_sdk_win_64/winavr/bin/../lib/gcc/avr/4.3.3/avr5\libgcc.a(_exit.o)
 .text          0x00000092        0x0 f:/courses/embded systems/imt_sdk_win_64/imt_sdk_win_64/winavr/bin/../lib/gcc/avr/4.3.3/avr5\libgcc.a(_copy_data.o)
 .text          0x00000092        0x0 f:/courses/embded systems/imt_sdk_win_64/imt_sdk_win_64/winavr/bin/../lib/gcc/avr/4.3.3/avr5\libgcc.a(_clear_bss.o)
 .text          0x00000092        0x0 f:/courses/embded systems/imt_sdk_win_64/imt_sdk_win_64/winavr/bin/../lib/gcc/avr/4.3.3/avr5\libgcc.a(_udivmodsi4.o)
 .text          0x00000092        0x0 f:/courses/embded systems/imt_sdk_win_64/imt_sdk_win_64/winavr/bin/../lib/gcc/avr/4.3.3/../../../../avr/lib/avr5\libc.a(memcpy.o)
                0x00000092                . = ALIGN (0x2)
 *(.text.*)
 .text.vStartPolledQueueTasks
                0x00000092       0x8e ./FreeRtos/Src/PollQ.o
                0x00000092                vStartPolledQueueTasks
 .text.vPolledQueueProducer
                0x00000120       0x7a ./FreeRtos/Src/PollQ.o
 .text.vPolledQueueConsumer
                0x0000019a       0x98 ./FreeRtos/Src/PollQ.o
 .text.xArePollingQueuesStillRunning
                0x00000232       0x34 ./FreeRtos/Src/PollQ.o
                0x00000232                xArePollingQueuesStillRunning
 .text.xCoRoutineCreate
                0x00000266      0x128 ./FreeRtos/Src/croutine.o
                0x00000266                xCoRoutineCreate
 .text.vCoRoutineAddToDelayedList
                0x0000038e       0xc2 ./FreeRtos/Src/croutine.o
                0x0000038e                vCoRoutineAddToDelayedList
 .text.prvCheckPendingReadyList
                0x00000450       0x94 ./FreeRtos/Src/croutine.o
 .text.prvCheckDelayedList
                0x000004e4      0x15c ./FreeRtos/Src/croutine.o
 .text.vCoRoutineSchedule
                0x00000640       0xf4 ./FreeRtos/Src/croutine.o
                0x00000640                vCoRoutineSchedule
 .text.prvInitialiseCoRoutineLists
                0x00000734       0x72 ./FreeRtos/Src/croutine.o
 .text.xCoRoutineRemoveFromEventList
                0x000007a6       0x70 ./FreeRtos/Src/croutine.o
                0x000007a6                xCoRoutineRemoveFromEventList
 .text.xEventGroupCreate
                0x00000816       0x3e ./FreeRtos/Src/event_groups.o
                0x00000816                xEventGroupCreate
 .text.xEventGroupSync
                0x00000854      0x16e ./FreeRtos/Src/event_groups.o
                0x00000854                xEventGroupSync
 .text.xEventGroupWaitBits
                0x000009c2      0x186 ./FreeRtos/Src/event_groups.o
                0x000009c2                xEventGroupWaitBits
 .text.xEventGroupClearBits
                0x00000b48       0x6c ./FreeRtos/Src/event_groups.o
                0x00000b48                xEventGroupClearBits
 .text.xEventGroupGetBitsFromISR
                0x00000bb4       0x44 ./FreeRtos/Src/event_groups.o
                0x00000bb4                xEventGroupGetBitsFromISR
 .text.xEventGroupSetBits
                0x00000bf8      0x164 ./FreeRtos/Src/event_groups.o
                0x00000bf8                xEventGroupSetBits
 .text.vEventGroupDelete
                0x00000d5c       0x62 ./FreeRtos/Src/event_groups.o
                0x00000d5c                vEventGroupDelete
 .text.vEventGroupSetBitsCallback
                0x00000dbe       0x3a ./FreeRtos/Src/event_groups.o
                0x00000dbe                vEventGroupSetBitsCallback
 .text.vEventGroupClearBitsCallback
                0x00000df8       0x3a ./FreeRtos/Src/event_groups.o
                0x00000df8                vEventGroupClearBitsCallback
 .text.prvTestWaitCondition
                0x00000e32       0x64 ./FreeRtos/Src/event_groups.o
 .text.pvPortMalloc
                0x00000e96       0xac ./FreeRtos/Src/heap_1.o
                0x00000e96                pvPortMalloc
 .text.vPortFree
                0x00000f42       0x18 ./FreeRtos/Src/heap_1.o
                0x00000f42                vPortFree
 .text.vPortInitialiseBlocks
                0x00000f5a       0x16 ./FreeRtos/Src/heap_1.o
                0x00000f5a                vPortInitialiseBlocks
 .text.xPortGetFreeHeapSize
                0x00000f70       0x1e ./FreeRtos/Src/heap_1.o
                0x00000f70                xPortGetFreeHeapSize
 .text.vStartIntegerMathTasks
                0x00000f8e       0x7c ./FreeRtos/Src/integer.o
                0x00000f8e                vStartIntegerMathTasks
 .text.vCompeteingIntMathTask
                0x0000100a       0xd2 ./FreeRtos/Src/integer.o
 .text.xAreIntegerMathsTaskStillRunning
                0x000010dc       0x56 ./FreeRtos/Src/integer.o
                0x000010dc                xAreIntegerMathsTaskStillRunning
 .text.vListInitialise
                0x00001132       0x54 ./FreeRtos/Src/list.o
                0x00001132                vListInitialise
 .text.vListInitialiseItem
                0x00001186       0x20 ./FreeRtos/Src/list.o
                0x00001186                vListInitialiseItem
 .text.vListInsertEnd
                0x000011a6       0x88 ./FreeRtos/Src/list.o
                0x000011a6                vListInsertEnd
 .text.vListInsert
                0x0000122e       0xd8 ./FreeRtos/Src/list.o
                0x0000122e                vListInsert
 .text.uxListRemove
                0x00001306       0x98 ./FreeRtos/Src/list.o
                0x00001306                uxListRemove
 .text.pxPortInitialiseStack
                0x0000139e      0x306 ./FreeRtos/Src/port.o
                0x0000139e                pxPortInitialiseStack
 .text.xPortStartScheduler
                0x000016a4       0x6a ./FreeRtos/Src/port.o
                0x000016a4                xPortStartScheduler
 .text.vPortEndScheduler
                0x0000170e        0xe ./FreeRtos/Src/port.o
                0x0000170e                vPortEndScheduler
 .text.vPortYield
                0x0000171c       0xb2 ./FreeRtos/Src/port.o
                0x0000171c                vPortYield
 .text.vPortYieldFromTick
                0x000017ce       0xba ./FreeRtos/Src/port.o
                0x000017ce                vPortYieldFromTick
 .text.prvSetupTimerInterrupt
                0x00001888       0xb8 ./FreeRtos/Src/port.o
 .text.__vector_7
                0x00001940        0x6 ./FreeRtos/Src/port.o
                0x00001940                __vector_7
 .text.xQueueGenericReset
                0x00001946      0x10c ./FreeRtos/Src/queue.o
                0x00001946                xQueueGenericReset
 .text.xQueueGenericCreate
                0x00001a52       0xba ./FreeRtos/Src/queue.o
                0x00001a52                xQueueGenericCreate
 .text.xQueueCreateMutex
                0x00001b0c       0x9c ./FreeRtos/Src/queue.o
                0x00001b0c                xQueueCreateMutex
 .text.xQueueCreateCountingSemaphore
                0x00001ba8       0x40 ./FreeRtos/Src/queue.o
                0x00001ba8                xQueueCreateCountingSemaphore
 .text.xQueueGenericSend
                0x00001be8      0x158 ./FreeRtos/Src/queue.o
                0x00001be8                xQueueGenericSend
 .text.xQueueGenericSendFromISR
                0x00001d40       0xc4 ./FreeRtos/Src/queue.o
                0x00001d40                xQueueGenericSendFromISR
 .text.xQueueGenericReceive
                0x00001e04      0x1c2 ./FreeRtos/Src/queue.o
                0x00001e04                xQueueGenericReceive
 .text.xQueueReceiveFromISR
                0x00001fc6       0xae ./FreeRtos/Src/queue.o
                0x00001fc6                xQueueReceiveFromISR
 .text.xQueuePeekFromISR
                0x00002074       0x72 ./FreeRtos/Src/queue.o
                0x00002074                xQueuePeekFromISR
 .text.uxQueueMessagesWaiting
                0x000020e6       0x30 ./FreeRtos/Src/queue.o
                0x000020e6                uxQueueMessagesWaiting
 .text.uxQueueSpacesAvailable
                0x00002116       0x4a ./FreeRtos/Src/queue.o
                0x00002116                uxQueueSpacesAvailable
 .text.uxQueueMessagesWaitingFromISR
                0x00002160       0x26 ./FreeRtos/Src/queue.o
                0x00002160                uxQueueMessagesWaitingFromISR
 .text.vQueueDelete
                0x00002186       0x46 ./FreeRtos/Src/queue.o
                0x00002186                vQueueDelete
 .text.prvCopyDataToQueue
                0x000021cc      0x172 ./FreeRtos/Src/queue.o
 .text.prvCopyDataFromQueue
                0x0000233e       0x8e ./FreeRtos/Src/queue.o
 .text.prvUnlockQueue
                0x000023cc       0xa8 ./FreeRtos/Src/queue.o
 .text.prvIsQueueEmpty
                0x00002474       0x3a ./FreeRtos/Src/queue.o
 .text.xQueueIsQueueEmptyFromISR
                0x000024ae       0x30 ./FreeRtos/Src/queue.o
                0x000024ae                xQueueIsQueueEmptyFromISR
 .text.prvIsQueueFull
                0x000024de       0x40 ./FreeRtos/Src/queue.o
 .text.xQueueIsQueueFullFromISR
                0x0000251e       0x36 ./FreeRtos/Src/queue.o
                0x0000251e                xQueueIsQueueFullFromISR
 .text.xQueueCRSend
                0x00002554       0xc2 ./FreeRtos/Src/queue.o
                0x00002554                xQueueCRSend
 .text.xQueueCRReceive
                0x00002616      0x11c ./FreeRtos/Src/queue.o
                0x00002616                xQueueCRReceive
 .text.xQueueCRSendFromISR
                0x00002732       0x82 ./FreeRtos/Src/queue.o
                0x00002732                xQueueCRSendFromISR
 .text.xQueueCRReceiveFromISR
                0x000027b4       0xea ./FreeRtos/Src/queue.o
                0x000027b4                xQueueCRReceiveFromISR
 .text.xTaskGenericCreate
                0x0000289e      0x1c2 ./FreeRtos/Src/tasks.o
                0x0000289e                xTaskGenericCreate
 .text.vTaskDelete
                0x00002a60       0xca ./FreeRtos/Src/tasks.o
                0x00002a60                vTaskDelete
 .text.vTaskDelayUntil
                0x00002b2a       0xe8 ./FreeRtos/Src/tasks.o
                0x00002b2a                vTaskDelayUntil
 .text.vTaskDelay
                0x00002c12       0x6a ./FreeRtos/Src/tasks.o
                0x00002c12                vTaskDelay
 .text.uxTaskPriorityGet
                0x00002c7c       0x64 ./FreeRtos/Src/tasks.o
                0x00002c7c                uxTaskPriorityGet
 .text.vTaskPrioritySet
                0x00002ce0      0x194 ./FreeRtos/Src/tasks.o
                0x00002ce0                vTaskPrioritySet
 .text.vTaskStartScheduler
                0x00002e74       0x6e ./FreeRtos/Src/tasks.o
                0x00002e74                vTaskStartScheduler
 .text.vTaskEndScheduler
                0x00002ee2       0x18 ./FreeRtos/Src/tasks.o
                0x00002ee2                vTaskEndScheduler
 .text.vTaskSuspendAll
                0x00002efa       0x18 ./FreeRtos/Src/tasks.o
                0x00002efa                vTaskSuspendAll
 .text.xTaskResumeAll
                0x00002f12      0x114 ./FreeRtos/Src/tasks.o
                0x00002f12                xTaskResumeAll
 .text.xTaskGetTickCount
                0x00003026       0x2e ./FreeRtos/Src/tasks.o
                0x00003026                xTaskGetTickCount
 .text.xTaskGetTickCountFromISR
                0x00003054       0x2a ./FreeRtos/Src/tasks.o
                0x00003054                xTaskGetTickCountFromISR
 .text.uxTaskGetNumberOfTasks
                0x0000307e       0x12 ./FreeRtos/Src/tasks.o
                0x0000307e                uxTaskGetNumberOfTasks
 .text.xTaskIncrementTick
                0x00003090      0x1ce ./FreeRtos/Src/tasks.o
                0x00003090                xTaskIncrementTick
 .text.vTaskSwitchContext
                0x0000325e       0xd2 ./FreeRtos/Src/tasks.o
                0x0000325e                vTaskSwitchContext
 .text.vTaskPlaceOnEventList
                0x00003330       0x6a ./FreeRtos/Src/tasks.o
                0x00003330                vTaskPlaceOnEventList
 .text.vTaskPlaceOnUnorderedEventList
                0x0000339a       0x86 ./FreeRtos/Src/tasks.o
                0x0000339a                vTaskPlaceOnUnorderedEventList
 .text.xTaskRemoveFromEventList
                0x00003420       0xd6 ./FreeRtos/Src/tasks.o
                0x00003420                xTaskRemoveFromEventList
 .text.xTaskRemoveFromUnorderedEventList
                0x000034f6       0xca ./FreeRtos/Src/tasks.o
                0x000034f6                xTaskRemoveFromUnorderedEventList
 .text.vTaskSetTimeOutState
                0x000035c0       0x32 ./FreeRtos/Src/tasks.o
                0x000035c0                vTaskSetTimeOutState
 .text.xTaskCheckForTimeOut
                0x000035f2       0xc6 ./FreeRtos/Src/tasks.o
                0x000035f2                xTaskCheckForTimeOut
 .text.vTaskMissedYield
                0x000036b8       0x14 ./FreeRtos/Src/tasks.o
                0x000036b8                vTaskMissedYield
 .text.prvIdleTask
                0x000036cc       0x20 ./FreeRtos/Src/tasks.o
 .text.prvInitialiseTCBVariables
                0x000036ec       0xf4 ./FreeRtos/Src/tasks.o
 .text.prvInitialiseTaskLists
                0x000037e0       0x7a ./FreeRtos/Src/tasks.o
 .text.prvCheckTasksWaitingTermination
                0x0000385a       0x7e ./FreeRtos/Src/tasks.o
 .text.prvAddCurrentTaskToDelayedList
                0x000038d8       0x92 ./FreeRtos/Src/tasks.o
 .text.prvAllocateTCBAndStack
                0x0000396a       0x88 ./FreeRtos/Src/tasks.o
 .text.prvDeleteTCB
                0x000039f2       0x2c ./FreeRtos/Src/tasks.o
 .text.prvResetNextTaskUnblockTime
                0x00003a1e       0x56 ./FreeRtos/Src/tasks.o
 .text.xTaskGetCurrentTaskHandle
                0x00003a74       0x24 ./FreeRtos/Src/tasks.o
                0x00003a74                xTaskGetCurrentTaskHandle
 .text.vTaskPriorityInherit
                0x00003a98      0x116 ./FreeRtos/Src/tasks.o
                0x00003a98                vTaskPriorityInherit
 .text.xTaskPriorityDisinherit
                0x00003bae       0xe4 ./FreeRtos/Src/tasks.o
                0x00003bae                xTaskPriorityDisinherit
 .text.uxTaskResetEventItemValue
                0x00003c92       0x4e ./FreeRtos/Src/tasks.o
                0x00003c92                uxTaskResetEventItemValue
 .text.pvTaskIncrementMutexHeldCount
                0x00003ce0       0x30 ./FreeRtos/Src/tasks.o
                0x00003ce0                pvTaskIncrementMutexHeldCount
 .text.M_DIO_void_DIOInit
                0x00003d10       0x48 ./DIO/DIO_prog.o
                0x00003d10                M_DIO_void_DIOInit
 .text.M_DIO_u8_SetPinDirection
                0x00003d58      0x21e ./DIO/DIO_prog.o
                0x00003d58                M_DIO_u8_SetPinDirection
 .text.M_DIO_u8_SetPinValue
                0x00003f76      0x21e ./DIO/DIO_prog.o
                0x00003f76                M_DIO_u8_SetPinValue
 .text.M_DIO_u8_GetPinValue
                0x00004194      0x130 ./DIO/DIO_prog.o
                0x00004194                M_DIO_u8_GetPinValue
 .text.M_DIO_u8_TogglePinValue
                0x000042c4      0x116 ./DIO/DIO_prog.o
                0x000042c4                M_DIO_u8_TogglePinValue
 .text.M_DIO_u8_SetPortDirection
                0x000043da       0x94 ./DIO/DIO_prog.o
                0x000043da                M_DIO_u8_SetPortDirection
 .text.M_DIO_u8_SetPortValue
                0x0000446e       0x94 ./DIO/DIO_prog.o
                0x0000446e                M_DIO_u8_SetPortValue
 .text.M_DIO_u8_ActivePullupResistor
                0x00004502      0x2bc ./DIO/DIO_prog.o
                0x00004502                M_DIO_u8_ActivePullupResistor
 .text.main     0x000047be       0x98 ./main.o
                0x000047be                main
 .text.T_L1     0x00004856       0x20 ./main.o
                0x00004856                T_L1
 .text.T_L2     0x00004876       0x20 ./main.o
                0x00004876                T_L2
 .text.T_L3     0x00004896       0x20 ./main.o
                0x00004896                T_L3
 .text.libgcc   0x000048b6       0x3e f:/courses/embded systems/imt_sdk_win_64/imt_sdk_win_64/winavr/bin/../lib/gcc/avr/4.3.3/avr5\libgcc.a(_mulsi3.o)
                0x000048b6                __mulsi3
 .text.libgcc   0x000048f4       0x36 f:/courses/embded systems/imt_sdk_win_64/imt_sdk_win_64/winavr/bin/../lib/gcc/avr/4.3.3/avr5\libgcc.a(_divmodsi4.o)
                0x000048f4                __divmodsi4
 .text.libgcc   0x0000492a        0x0 f:/courses/embded systems/imt_sdk_win_64/imt_sdk_win_64/winavr/bin/../lib/gcc/avr/4.3.3/avr5\libgcc.a(_exit.o)
 .text.libgcc   0x0000492a        0x0 f:/courses/embded systems/imt_sdk_win_64/imt_sdk_win_64/winavr/bin/../lib/gcc/avr/4.3.3/avr5\libgcc.a(_copy_data.o)
 .text.libgcc   0x0000492a        0x0 f:/courses/embded systems/imt_sdk_win_64/imt_sdk_win_64/winavr/bin/../lib/gcc/avr/4.3.3/avr5\libgcc.a(_clear_bss.o)
 .text.libgcc   0x0000492a       0x44 f:/courses/embded systems/imt_sdk_win_64/imt_sdk_win_64/winavr/bin/../lib/gcc/avr/4.3.3/avr5\libgcc.a(_udivmodsi4.o)
                0x0000492a                __udivmodsi4
 .text.avr-libc
                0x0000496e       0x12 f:/courses/embded systems/imt_sdk_win_64/imt_sdk_win_64/winavr/bin/../lib/gcc/avr/4.3.3/../../../../avr/lib/avr5\libc.a(memcpy.o)
                0x0000496e                memcpy
                0x00004980                . = ALIGN (0x2)
 *(.fini9)
 .fini9         0x00004980        0x0 f:/courses/embded systems/imt_sdk_win_64/imt_sdk_win_64/winavr/bin/../lib/gcc/avr/4.3.3/avr5\libgcc.a(_exit.o)
                0x00004980                exit
                0x00004980                _exit
 *(.fini9)
 *(.fini8)
 *(.fini8)
 *(.fini7)
 *(.fini7)
 *(.fini6)
 *(.fini6)
 *(.fini5)
 *(.fini5)
 *(.fini4)
 *(.fini4)
 *(.fini3)
 *(.fini3)
 *(.fini2)
 *(.fini2)
 *(.fini1)
 *(.fini1)
 *(.fini0)
 .fini0         0x00004980        0x4 f:/courses/embded systems/imt_sdk_win_64/imt_sdk_win_64/winavr/bin/../lib/gcc/avr/4.3.3/avr5\libgcc.a(_exit.o)
 *(.fini0)
                0x00004984                _etext = .

.data           0x00800060       0x20 load address 0x00004984
                0x00800060                PROVIDE (__data_start, .)
 *(.data)
 .data          0x00800060        0x0 f:/courses/embded systems/imt_sdk_win_64/imt_sdk_win_64/winavr/bin/../lib/gcc/avr/4.3.3/../../../../avr/lib/avr5/crtm32.o
 .data          0x00800060       0x10 ./FreeRtos/Src/PollQ.o
 .data          0x00800070        0x0 ./FreeRtos/Src/croutine.o
 .data          0x00800070        0x0 ./FreeRtos/Src/event_groups.o
 .data          0x00800070        0x0 ./FreeRtos/Src/heap_1.o
 .data          0x00800070        0x8 ./FreeRtos/Src/integer.o
 .data          0x00800078        0x0 ./FreeRtos/Src/list.o
 .data          0x00800078        0x0 ./FreeRtos/Src/port.o
 .data          0x00800078        0x0 ./FreeRtos/Src/queue.o
 .data          0x00800078        0x5 ./FreeRtos/Src/tasks.o
 .data          0x0080007d        0x0 ./DIO/DIO_prog.o
 .data          0x0080007d        0x0 ./main.o
 .data          0x0080007d        0x0 f:/courses/embded systems/imt_sdk_win_64/imt_sdk_win_64/winavr/bin/../lib/gcc/avr/4.3.3/avr5\libgcc.a(_mulsi3.o)
 .data          0x0080007d        0x0 f:/courses/embded systems/imt_sdk_win_64/imt_sdk_win_64/winavr/bin/../lib/gcc/avr/4.3.3/avr5\libgcc.a(_divmodsi4.o)
 .data          0x0080007d        0x0 f:/courses/embded systems/imt_sdk_win_64/imt_sdk_win_64/winavr/bin/../lib/gcc/avr/4.3.3/avr5\libgcc.a(_exit.o)
 .data          0x0080007d        0x0 f:/courses/embded systems/imt_sdk_win_64/imt_sdk_win_64/winavr/bin/../lib/gcc/avr/4.3.3/avr5\libgcc.a(_copy_data.o)
 .data          0x0080007d        0x0 f:/courses/embded systems/imt_sdk_win_64/imt_sdk_win_64/winavr/bin/../lib/gcc/avr/4.3.3/avr5\libgcc.a(_clear_bss.o)
 .data          0x0080007d        0x0 f:/courses/embded systems/imt_sdk_win_64/imt_sdk_win_64/winavr/bin/../lib/gcc/avr/4.3.3/avr5\libgcc.a(_udivmodsi4.o)
 .data          0x0080007d        0x0 f:/courses/embded systems/imt_sdk_win_64/imt_sdk_win_64/winavr/bin/../lib/gcc/avr/4.3.3/../../../../avr/lib/avr5\libc.a(memcpy.o)
 *(.data*)
 .data.xNextTaskUnblockTime
                0x0080007d        0x2 ./FreeRtos/Src/tasks.o
 *(.rodata)
 *(.rodata*)
 *(.gnu.linkonce.d*)
                0x00800080                . = ALIGN (0x2)
 *fill*         0x0080007f        0x1 00
                0x00800080                _edata = .
                0x00800080                PROVIDE (__data_end, .)

.bss            0x00800080      0x51a
                0x00800080                PROVIDE (__bss_start, .)
 *(.bss)
 .bss           0x00800080        0x0 f:/courses/embded systems/imt_sdk_win_64/imt_sdk_win_64/winavr/bin/../lib/gcc/avr/4.3.3/../../../../avr/lib/avr5/crtm32.o
 .bss           0x00800080        0x0 ./FreeRtos/Src/PollQ.o
 .bss           0x00800080        0x0 ./FreeRtos/Src/croutine.o
 .bss           0x00800080        0x0 ./FreeRtos/Src/event_groups.o
 .bss           0x00800080        0x0 ./FreeRtos/Src/heap_1.o
 .bss           0x00800080        0x0 ./FreeRtos/Src/integer.o
 .bss           0x00800080        0x0 ./FreeRtos/Src/list.o
 .bss           0x00800080        0x0 ./FreeRtos/Src/port.o
 .bss           0x00800080        0x0 ./FreeRtos/Src/queue.o
 .bss           0x00800080        0x0 ./FreeRtos/Src/tasks.o
 .bss           0x00800080        0x0 ./DIO/DIO_prog.o
 .bss           0x00800080        0x0 ./main.o
 .bss           0x00800080        0x0 f:/courses/embded systems/imt_sdk_win_64/imt_sdk_win_64/winavr/bin/../lib/gcc/avr/4.3.3/avr5\libgcc.a(_mulsi3.o)
 .bss           0x00800080        0x0 f:/courses/embded systems/imt_sdk_win_64/imt_sdk_win_64/winavr/bin/../lib/gcc/avr/4.3.3/avr5\libgcc.a(_divmodsi4.o)
 .bss           0x00800080        0x0 f:/courses/embded systems/imt_sdk_win_64/imt_sdk_win_64/winavr/bin/../lib/gcc/avr/4.3.3/avr5\libgcc.a(_exit.o)
 .bss           0x00800080        0x0 f:/courses/embded systems/imt_sdk_win_64/imt_sdk_win_64/winavr/bin/../lib/gcc/avr/4.3.3/avr5\libgcc.a(_copy_data.o)
 .bss           0x00800080        0x0 f:/courses/embded systems/imt_sdk_win_64/imt_sdk_win_64/winavr/bin/../lib/gcc/avr/4.3.3/avr5\libgcc.a(_clear_bss.o)
 .bss           0x00800080        0x0 f:/courses/embded systems/imt_sdk_win_64/imt_sdk_win_64/winavr/bin/../lib/gcc/avr/4.3.3/avr5\libgcc.a(_udivmodsi4.o)
 .bss           0x00800080        0x0 f:/courses/embded systems/imt_sdk_win_64/imt_sdk_win_64/winavr/bin/../lib/gcc/avr/4.3.3/../../../../avr/lib/avr5\libc.a(memcpy.o)
 *(.bss*)
 .bss.xPollingConsumerCount
                0x00800080        0x1 ./FreeRtos/Src/PollQ.o
 .bss.xPollingProducerCount
                0x00800081        0x1 ./FreeRtos/Src/PollQ.o
 .bss.xPolledQueue.1653
                0x00800082        0x2 ./FreeRtos/Src/PollQ.o
 .bss.pxCurrentCoRoutine
                0x00800084        0x2 ./FreeRtos/Src/croutine.o
                0x00800084                pxCurrentCoRoutine
 .bss.uxTopCoRoutineReadyPriority
                0x00800086        0x1 ./FreeRtos/Src/croutine.o
 .bss.xCoRoutineTickCount
                0x00800087        0x2 ./FreeRtos/Src/croutine.o
 .bss.xLastTickCount
                0x00800089        0x2 ./FreeRtos/Src/croutine.o
 .bss.xPassedTicks
                0x0080008b        0x2 ./FreeRtos/Src/croutine.o
 .bss.pxReadyCoRoutineLists
                0x0080008d       0x12 ./FreeRtos/Src/croutine.o
 .bss.xDelayedCoRoutineList1
                0x0080009f        0x9 ./FreeRtos/Src/croutine.o
 .bss.xDelayedCoRoutineList2
                0x008000a8        0x9 ./FreeRtos/Src/croutine.o
 .bss.pxDelayedCoRoutineList
                0x008000b1        0x2 ./FreeRtos/Src/croutine.o
 .bss.pxOverflowDelayedCoRoutineList
                0x008000b3        0x2 ./FreeRtos/Src/croutine.o
 .bss.xPendingReadyCoRoutineList
                0x008000b5        0x9 ./FreeRtos/Src/croutine.o
 .bss.xNextFreeByte
                0x008000be        0x2 ./FreeRtos/Src/heap_1.o
 .bss.pucAlignedHeap.1541
                0x008000c0        0x2 ./FreeRtos/Src/heap_1.o
 .bss.ucHeap    0x008000c2      0x47e ./FreeRtos/Src/heap_1.o
 .bss.xTaskCheck
                0x00800540        0x1 ./FreeRtos/Src/integer.o
 .bss.pxCurrentTCB
                0x00800541        0x2 ./FreeRtos/Src/tasks.o
                0x00800541                pxCurrentTCB
 .bss.uxTasksDeleted
                0x00800543        0x1 ./FreeRtos/Src/tasks.o
 .bss.uxCurrentNumberOfTasks
                0x00800544        0x1 ./FreeRtos/Src/tasks.o
 .bss.xTickCount
                0x00800545        0x2 ./FreeRtos/Src/tasks.o
 .bss.uxTopReadyPriority
                0x00800547        0x1 ./FreeRtos/Src/tasks.o
 .bss.xSchedulerRunning
                0x00800548        0x1 ./FreeRtos/Src/tasks.o
 .bss.uxPendedTicks
                0x00800549        0x1 ./FreeRtos/Src/tasks.o
 .bss.xYieldPending
                0x0080054a        0x1 ./FreeRtos/Src/tasks.o
 .bss.xNumOfOverflows
                0x0080054b        0x1 ./FreeRtos/Src/tasks.o
 .bss.uxTaskNumber
                0x0080054c        0x1 ./FreeRtos/Src/tasks.o
 .bss.uxSchedulerSuspended
                0x0080054d        0x1 ./FreeRtos/Src/tasks.o
 .bss.pxReadyTasksLists
                0x0080054e       0x24 ./FreeRtos/Src/tasks.o
 .bss.xDelayedTaskList1
                0x00800572        0x9 ./FreeRtos/Src/tasks.o
 .bss.xDelayedTaskList2
                0x0080057b        0x9 ./FreeRtos/Src/tasks.o
 .bss.pxDelayedTaskList
                0x00800584        0x2 ./FreeRtos/Src/tasks.o
 .bss.pxOverflowDelayedTaskList
                0x00800586        0x2 ./FreeRtos/Src/tasks.o
 .bss.xPendingReadyList
                0x00800588        0x9 ./FreeRtos/Src/tasks.o
 .bss.xTasksWaitingTermination
                0x00800591        0x9 ./FreeRtos/Src/tasks.o
 *(COMMON)
                0x0080059a                PROVIDE (__bss_end, .)
                0x00004984                __data_load_start = LOADADDR (.data)
                0x000049a4                __data_load_end = (__data_load_start + SIZEOF (.data))

.noinit         0x0080059a        0x0
                0x0080059a                PROVIDE (__noinit_start, .)
 *(.noinit*)
                0x0080059a                PROVIDE (__noinit_end, .)
                0x0080059a                _end = .
                0x0080059a                PROVIDE (__heap_start, .)

.eeprom         0x00810000        0x0
 *(.eeprom*)
                0x00810000                __eeprom_end = .

.fuse
 *(.fuse)
 *(.lfuse)
 *(.hfuse)
 *(.efuse)

.lock
 *(.lock*)

.signature
 *(.signature*)

.stab           0x00000000     0x7320
 *(.stab)
 .stab          0x00000000      0x8a0 ./FreeRtos/Src/PollQ.o
 .stab          0x000008a0      0x894 ./FreeRtos/Src/croutine.o
                                0xbc4 (size before relaxing)
 .stab          0x00001134      0xc54 ./FreeRtos/Src/event_groups.o
                               0x1014 (size before relaxing)
 .stab          0x00001d88      0x30c ./FreeRtos/Src/heap_1.o
                                0x6cc (size before relaxing)
 .stab          0x00002094      0x3a8 ./FreeRtos/Src/integer.o
                                0x768 (size before relaxing)
 .stab          0x0000243c      0x474 ./FreeRtos/Src/list.o
                                0x780 (size before relaxing)
 .stab          0x000028b0      0x840 ./FreeRtos/Src/port.o
                                0xbf4 (size before relaxing)
 .stab          0x000030f0     0x19b0 ./FreeRtos/Src/queue.o
                               0x1ddc (size before relaxing)
 .stab          0x00004aa0     0x1c68 ./FreeRtos/Src/tasks.o
                               0x2058 (size before relaxing)
 .stab          0x00006708      0x900 ./DIO/DIO_prog.o
                                0x90c (size before relaxing)
 .stab          0x00007008      0x318 ./main.o
                                0x69c (size before relaxing)

.stabstr        0x00000000     0x3b84
 *(.stabstr)
 .stabstr       0x00000000     0x3b84 ./FreeRtos/Src/PollQ.o

.stab.excl
 *(.stab.excl)

.stab.exclstr
 *(.stab.exclstr)

.stab.index
 *(.stab.index)

.stab.indexstr
 *(.stab.indexstr)

.comment
 *(.comment)

.debug
 *(.debug)

.line
 *(.line)

.debug_srcinfo
 *(.debug_srcinfo)

.debug_sfnames
 *(.debug_sfnames)

.debug_aranges
 *(.debug_aranges)

.debug_pubnames
 *(.debug_pubnames)

.debug_info
 *(.debug_info)
 *(.gnu.linkonce.wi.*)

.debug_abbrev
 *(.debug_abbrev)

.debug_line
 *(.debug_line)

.debug_frame
 *(.debug_frame)

.debug_str
 *(.debug_str)

.debug_loc
 *(.debug_loc)

.debug_macinfo
 *(.debug_macinfo)
OUTPUT(RTOS_test_applications.elf elf32-avr)
LOAD linker stubs
